// Jest Snapshot v1, https://goo.gl/fbAQLP

exports[`createPseudoStyles() should create different styles for empty bgImage & nextImage 1`] = `
"
          .test:before,
          .test:after {
            content: '';
            display: block;
            position: absolute;
            width: 100%;
            height: 100%;
            top: 0;
            left: 0;
            background-color: #000;
            transition: opacity 0.5s ease 0.25s;
            
          }
          .test:before {
            z-index: -100;
            
            background-image: some_base64_string;
            opacity: 0; 
          }
          .test:after {
            z-index: -101;
            
            
            
          }
        "
`;

exports[`createPseudoStyles() should create different styles for empty bgImage & nextImage with opacity 0 1`] = `
"
          .test:before,
          .test:after {
            content: '';
            display: block;
            position: absolute;
            width: 100%;
            height: 100%;
            top: 0;
            left: 0;
            background-color: #000;
            transition: opacity 0.5s ease 0.25s;
            
          }
          .test:before {
            z-index: -100;
            
            
            opacity: 1; 
          }
          .test:after {
            z-index: -101;
            
            background-image: some_base64_string;
            
          }
        "
`;

exports[`createPseudoStyles() should create different styles for empty bgImage 1`] = `
"
          .test:before,
          .test:after {
            content: '';
            display: block;
            position: absolute;
            width: 100%;
            height: 100%;
            top: 0;
            left: 0;
            background-color: #000;
            transition: opacity 0.5s ease 0.25s;
            
          }
          .test:before {
            z-index: -100;
            
            background-image: some_base64_string;
            opacity: 0; 
          }
          .test:after {
            z-index: -101;
            background-image: test.webp;
            
            
          }
        "
`;

exports[`createPseudoStyles() should create different styles for empty bgImage with opacity 0 1`] = `
"
          .test:before,
          .test:after {
            content: '';
            display: block;
            position: absolute;
            width: 100%;
            height: 100%;
            top: 0;
            left: 0;
            background-color: #000;
            transition: opacity 0.5s ease 0.25s;
            
          }
          .test:before {
            z-index: -100;
            background-image: test.webp;
            
            opacity: 1; 
          }
          .test:after {
            z-index: -101;
            
            background-image: some_base64_string;
            
          }
        "
`;

exports[`createPseudoStyles() should create different styles for empty lastImage with opacity 0 1`] = `
"
          .test:before,
          .test:after {
            content: '';
            display: block;
            position: absolute;
            width: 100%;
            height: 100%;
            top: 0;
            left: 0;
            background-color: #000;
            transition: opacity 0.5s ease 0.25s;
            
          }
          .test:before {
            z-index: -100;
            background-image: test.webp;
            
            opacity: 1; 
          }
          .test:after {
            z-index: -101;
            
            
            
          }
        "
`;

exports[`createPseudoStyles() should create different styles for empty nextImage 1`] = `
"
          .test:before,
          .test:after {
            content: '';
            display: block;
            position: absolute;
            width: 100%;
            height: 100%;
            top: 0;
            left: 0;
            background-color: #000;
            transition: opacity 0.5s ease 0.25s;
            
          }
          .test:before {
            z-index: -100;
            
            background-image: some_base64_string;
            opacity: 0; 
          }
          .test:after {
            z-index: -101;
            
            
            
          }
        "
`;

exports[`createPseudoStyles() should create different styles for empty nextImage with opacity 0 1`] = `
"
          .test:before,
          .test:after {
            content: '';
            display: block;
            position: absolute;
            width: 100%;
            height: 100%;
            top: 0;
            left: 0;
            background-color: #000;
            transition: opacity 0.5s ease 0.25s;
            
          }
          .test:before {
            z-index: -100;
            
            
            opacity: 1; 
          }
          .test:after {
            z-index: -101;
            
            background-image: some_base64_string;
            
          }
        "
`;

exports[`createPseudoStyles() should create styles from given pseudoStyles Object 1`] = `
"
          .test:before,
          .test:after {
            content: '';
            display: block;
            position: absolute;
            width: 100%;
            height: 100%;
            top: 0;
            left: 0;
            background-color: #000;
            transition: opacity 0.5s ease 0.25s;
            
          }
          .test:before {
            z-index: -100;
            
            background-image: some_base64_string;
            opacity: 0; 
          }
          .test:after {
            z-index: -101;
            background-image: test.webp;
            
            
          }
        "
`;

exports[`createPseudoStyles() should create styles from given pseudoStyles Object with opacity 0 1`] = `
"
          .test:before,
          .test:after {
            content: '';
            display: block;
            position: absolute;
            width: 100%;
            height: 100%;
            top: 0;
            left: 0;
            background-color: #000;
            transition: opacity 0.5s ease 0.25s;
            
          }
          .test:before {
            z-index: -100;
            background-image: test.webp;
            
            opacity: 1; 
          }
          .test:after {
            z-index: -101;
            
            background-image: some_base64_string;
            
          }
        "
`;

exports[`createPseudoStyles() should create styles from given pseudoStyles Object without className 1`] = `
"
          ,
           {
            content: '';
            display: block;
            position: absolute;
            width: 100%;
            height: 100%;
            top: 0;
            left: 0;
            background-color: #000;
            transition: opacity 0.5s ease 0.25s;
            
          }
           {
            z-index: -100;
            
            background-image: some_base64_string;
            opacity: 0; 
          }
           {
            z-index: -101;
            background-image: test.webp;
            
            
          }
        "
`;

exports[`createPseudoStyles() should create styles from given pseudoStyles Object without fadeIn 1`] = `
"
          .test:before,
          .test:after {
            content: '';
            display: block;
            position: absolute;
            width: 100%;
            height: 100%;
            top: 0;
            left: 0;
            background-color: #000;
            transition: none;
            
          }
          .test:before {
            z-index: -100;
            
            background-image: some_base64_string;
            opacity: 0; 
          }
          .test:after {
            z-index: -101;
            background-image: test.webp;
            
            
          }
        "
`;
